Archive member included to satisfy reference by file (symbol)

c:/program files (x86)/atmel/studio/7.0/toolchain/avr8/avr8-gnu-toolchain/bin/../lib/gcc/avr/5.4.0/avrxmega3\libgcc.a(_exit.o)
                              C:/Program Files (x86)/Atmel/Studio/7.0/Packs/atmel/ATmega_DFP/1.7.374/gcc/dev/atmega4808/avrxmega3/crtatmega4808.o (exit)

Discarded input sections

 .data          0x00000000        0x0 C:/Program Files (x86)/Atmel/Studio/7.0/Packs/atmel/ATmega_DFP/1.7.374/gcc/dev/atmega4808/avrxmega3/crtatmega4808.o
 .bss           0x00000000        0x0 C:/Program Files (x86)/Atmel/Studio/7.0/Packs/atmel/ATmega_DFP/1.7.374/gcc/dev/atmega4808/avrxmega3/crtatmega4808.o
 .text          0x00000000        0x0 atmel_start.o
 .data          0x00000000        0x0 atmel_start.o
 .bss           0x00000000        0x0 atmel_start.o
 .text          0x00000000        0x0 driver_isr.o
 .data          0x00000000        0x0 driver_isr.o
 .bss           0x00000000        0x0 driver_isr.o
 .debug_info    0x00000000       0x5d driver_isr.o
 .debug_abbrev  0x00000000       0x26 driver_isr.o
 .debug_aranges
                0x00000000       0x18 driver_isr.o
 .debug_line    0x00000000       0x1a driver_isr.o
 .debug_str     0x00000000      0x182 driver_isr.o
 .comment       0x00000000       0x31 driver_isr.o
 .text          0x00000000        0x0 function_Call.o
 .data          0x00000000        0x0 function_Call.o
 .bss           0x00000000        0x0 function_Call.o
 .text          0x00000000        0x0 main.o
 .data          0x00000000        0x0 main.o
 .bss           0x00000000        0x0 main.o
 .text          0x00000000        0x0 src/bod.o
 .data          0x00000000        0x0 src/bod.o
 .bss           0x00000000        0x0 src/bod.o
 .text          0x00000000        0x0 src/clkctrl.o
 .data          0x00000000        0x0 src/clkctrl.o
 .bss           0x00000000        0x0 src/clkctrl.o
 .text          0x00000000        0x0 src/cpuint.o
 .data          0x00000000        0x0 src/cpuint.o
 .bss           0x00000000        0x0 src/cpuint.o
 .text          0x00000000        0x0 src/driver_init.o
 .data          0x00000000        0x0 src/driver_init.o
 .bss           0x00000000        0x0 src/driver_init.o
 .text          0x00000000        0x0 src/protected_io.o
 .data          0x00000000        0x0 src/protected_io.o
 .bss           0x00000000        0x0 src/protected_io.o
 .text.protected_write_io
                0x00000000        0x8 src/protected_io.o
 .debug_line    0x00000000       0x55 src/protected_io.o
 .debug_info    0x00000000       0x8c src/protected_io.o
 .debug_abbrev  0x00000000       0x14 src/protected_io.o
 .debug_aranges
                0x00000000       0x20 src/protected_io.o
 .text          0x00000000        0x0 src/slpctrl.o
 .data          0x00000000        0x0 src/slpctrl.o
 .bss           0x00000000        0x0 src/slpctrl.o
 .text.SLPCTRL_set_sleep_mode
                0x00000000       0x10 src/slpctrl.o
 .text          0x00000000        0x0 src/tca.o
 .data          0x00000000        0x0 src/tca.o
 .bss           0x00000000        0x0 src/tca.o
 .text          0x00000000        0x0 c:/program files (x86)/atmel/studio/7.0/toolchain/avr8/avr8-gnu-toolchain/bin/../lib/gcc/avr/5.4.0/avrxmega3\libgcc.a(_exit.o)
 .data          0x00000000        0x0 c:/program files (x86)/atmel/studio/7.0/toolchain/avr8/avr8-gnu-toolchain/bin/../lib/gcc/avr/5.4.0/avrxmega3\libgcc.a(_exit.o)
 .bss           0x00000000        0x0 c:/program files (x86)/atmel/studio/7.0/toolchain/avr8/avr8-gnu-toolchain/bin/../lib/gcc/avr/5.4.0/avrxmega3\libgcc.a(_exit.o)
 .text.libgcc.mul
                0x00000000        0x0 c:/program files (x86)/atmel/studio/7.0/toolchain/avr8/avr8-gnu-toolchain/bin/../lib/gcc/avr/5.4.0/avrxmega3\libgcc.a(_exit.o)
 .text.libgcc.div
                0x00000000        0x0 c:/program files (x86)/atmel/studio/7.0/toolchain/avr8/avr8-gnu-toolchain/bin/../lib/gcc/avr/5.4.0/avrxmega3\libgcc.a(_exit.o)
 .text.libgcc   0x00000000        0x0 c:/program files (x86)/atmel/studio/7.0/toolchain/avr8/avr8-gnu-toolchain/bin/../lib/gcc/avr/5.4.0/avrxmega3\libgcc.a(_exit.o)
 .text.libgcc.prologue
                0x00000000        0x0 c:/program files (x86)/atmel/studio/7.0/toolchain/avr8/avr8-gnu-toolchain/bin/../lib/gcc/avr/5.4.0/avrxmega3\libgcc.a(_exit.o)
 .text.libgcc.builtins
                0x00000000        0x0 c:/program files (x86)/atmel/studio/7.0/toolchain/avr8/avr8-gnu-toolchain/bin/../lib/gcc/avr/5.4.0/avrxmega3\libgcc.a(_exit.o)
 .text.libgcc.fmul
                0x00000000        0x0 c:/program files (x86)/atmel/studio/7.0/toolchain/avr8/avr8-gnu-toolchain/bin/../lib/gcc/avr/5.4.0/avrxmega3\libgcc.a(_exit.o)
 .text.libgcc.fixed
                0x00000000        0x0 c:/program files (x86)/atmel/studio/7.0/toolchain/avr8/avr8-gnu-toolchain/bin/../lib/gcc/avr/5.4.0/avrxmega3\libgcc.a(_exit.o)

Memory Configuration

Name             Origin             Length             Attributes
text             0x00000000         0x0000c000         xr
data             0x00802800         0x00001800         rw !x
eeprom           0x00810000         0x00000100         rw !x
fuse             0x00820000         0x0000000a         rw !x
lock             0x00830000         0x00000400         rw !x
signature        0x00840000         0x00000400         rw !x
user_signatures  0x00850000         0x00000400         rw !x
*default*        0x00000000         0xffffffff

Linker script and memory map

Address of section .data set to 0x802800
                0x00004000                __RODATA_PM_OFFSET__ = 0x4000
LOAD C:/Program Files (x86)/Atmel/Studio/7.0/Packs/atmel/ATmega_DFP/1.7.374/gcc/dev/atmega4808/avrxmega3/crtatmega4808.o
LOAD atmel_start.o
LOAD driver_isr.o
LOAD function_Call.o
LOAD main.o
LOAD src/bod.o
LOAD src/clkctrl.o
LOAD src/cpuint.o
LOAD src/driver_init.o
LOAD src/protected_io.o
LOAD src/slpctrl.o
LOAD src/tca.o
START GROUP
LOAD c:/program files (x86)/atmel/studio/7.0/toolchain/avr8/avr8-gnu-toolchain/bin/../lib/gcc/avr/5.4.0/../../../../avr/lib/avrxmega3\libm.a
END GROUP
START GROUP
LOAD c:/program files (x86)/atmel/studio/7.0/toolchain/avr8/avr8-gnu-toolchain/bin/../lib/gcc/avr/5.4.0/avrxmega3\libgcc.a
LOAD c:/program files (x86)/atmel/studio/7.0/toolchain/avr8/avr8-gnu-toolchain/bin/../lib/gcc/avr/5.4.0/../../../../avr/lib/avrxmega3\libm.a
LOAD c:/program files (x86)/atmel/studio/7.0/toolchain/avr8/avr8-gnu-toolchain/bin/../lib/gcc/avr/5.4.0/../../../../avr/lib/avrxmega3\libc.a
LOAD C:/Program Files (x86)/Atmel/Studio/7.0/Packs/atmel/ATmega_DFP/1.7.374/gcc/dev/atmega4808/avrxmega3\libatmega4808.a
END GROUP
                [0x00000000]                __TEXT_REGION_ORIGIN__ = DEFINED (__TEXT_REGION_ORIGIN__)?__TEXT_REGION_ORIGIN__:0x0
                [0x00802800]                __DATA_REGION_ORIGIN__ = DEFINED (__DATA_REGION_ORIGIN__)?__DATA_REGION_ORIGIN__:0x802000
                [0x0000c000]                __TEXT_REGION_LENGTH__ = DEFINED (__TEXT_REGION_LENGTH__)?__TEXT_REGION_LENGTH__:0x100000
                [0x00001800]                __DATA_REGION_LENGTH__ = DEFINED (__DATA_REGION_LENGTH__)?__DATA_REGION_LENGTH__:0xffa0
                [0x00000100]                __EEPROM_REGION_LENGTH__ = DEFINED (__EEPROM_REGION_LENGTH__)?__EEPROM_REGION_LENGTH__:0x10000
                [0x0000000a]                __FUSE_REGION_LENGTH__ = DEFINED (__FUSE_REGION_LENGTH__)?__FUSE_REGION_LENGTH__:0x400
                0x00000400                __LOCK_REGION_LENGTH__ = DEFINED (__LOCK_REGION_LENGTH__)?__LOCK_REGION_LENGTH__:0x400
                0x00000400                __SIGNATURE_REGION_LENGTH__ = DEFINED (__SIGNATURE_REGION_LENGTH__)?__SIGNATURE_REGION_LENGTH__:0x400
                0x00000400                __USER_SIGNATURE_REGION_LENGTH__ = DEFINED (__USER_SIGNATURE_REGION_LENGTH__)?__USER_SIGNATURE_REGION_LENGTH__:0x400
                0x00008000                __RODATA_PM_OFFSET__ = DEFINED (__RODATA_PM_OFFSET__)?__RODATA_PM_OFFSET__:0x8000

.hash
 *(.hash)

.dynsym
 *(.dynsym)

.dynstr
 *(.dynstr)

.gnu.version
 *(.gnu.version)

.gnu.version_d
 *(.gnu.version_d)

.gnu.version_r
 *(.gnu.version_r)

.rel.init
 *(.rel.init)

.rela.init
 *(.rela.init)

.rel.text
 *(.rel.text)
 *(.rel.text.*)
 *(.rel.gnu.linkonce.t*)

.rela.text
 *(.rela.text)
 *(.rela.text.*)
 *(.rela.gnu.linkonce.t*)

.rel.fini
 *(.rel.fini)

.rela.fini
 *(.rela.fini)

.rel.rodata
 *(.rel.rodata)
 *(.rel.rodata.*)
 *(.rel.gnu.linkonce.r*)

.rela.rodata
 *(.rela.rodata)
 *(.rela.rodata.*)
 *(.rela.gnu.linkonce.r*)

.rel.data
 *(.rel.data)
 *(.rel.data.*)
 *(.rel.gnu.linkonce.d*)

.rela.data
 *(.rela.data)
 *(.rela.data.*)
 *(.rela.gnu.linkonce.d*)

.rel.ctors
 *(.rel.ctors)

.rela.ctors
 *(.rela.ctors)

.rel.dtors
 *(.rel.dtors)

.rela.dtors
 *(.rela.dtors)

.rel.got
 *(.rel.got)

.rela.got
 *(.rela.got)

.rel.bss
 *(.rel.bss)

.rela.bss
 *(.rela.bss)

.rel.plt
 *(.rel.plt)

.rela.plt
 *(.rela.plt)

.text           0x00000000      0x1f6
 *(.vectors)
 .vectors       0x00000000       0x90 C:/Program Files (x86)/Atmel/Studio/7.0/Packs/atmel/ATmega_DFP/1.7.374/gcc/dev/atmega4808/avrxmega3/crtatmega4808.o
                0x00000000                __vector_default
                0x00000000                __vectors
 *(.vectors)
 *(.progmem.gcc*)
                0x00000090                . = ALIGN (0x2)
                0x00000090                __trampolines_start = .
 *(.trampolines)
 .trampolines   0x00000090        0x0 linker stubs
 *(.trampolines*)
                0x00000090                __trampolines_end = .
 *libprintf_flt.a:*(.progmem.data)
 *libc.a:*(.progmem.data)
 *(.progmem*)
                0x00000090                . = ALIGN (0x2)
 *(.jumptables)
 *(.jumptables*)
 *(.lowtext)
 *(.lowtext*)
                0x00000090                __ctors_start = .
 *(.ctors)
                0x00000090                __ctors_end = .
                0x00000090                __dtors_start = .
 *(.dtors)
                0x00000090                __dtors_end = .
 SORT(*)(.ctors)
 SORT(*)(.dtors)
 *(.init0)
 .init0         0x00000090        0x0 C:/Program Files (x86)/Atmel/Studio/7.0/Packs/atmel/ATmega_DFP/1.7.374/gcc/dev/atmega4808/avrxmega3/crtatmega4808.o
                0x00000090                __init
 *(.init0)
 *(.init1)
 *(.init1)
 *(.init2)
 .init2         0x00000090        0xc C:/Program Files (x86)/Atmel/Studio/7.0/Packs/atmel/ATmega_DFP/1.7.374/gcc/dev/atmega4808/avrxmega3/crtatmega4808.o
 *(.init2)
 *(.init3)
 *(.init3)
 *(.init4)
 *(.init4)
 *(.init5)
 *(.init5)
 *(.init6)
 *(.init6)
 *(.init7)
 *(.init7)
 *(.init8)
 *(.init8)
 *(.init9)
 .init9         0x0000009c        0x8 C:/Program Files (x86)/Atmel/Studio/7.0/Packs/atmel/ATmega_DFP/1.7.374/gcc/dev/atmega4808/avrxmega3/crtatmega4808.o
 *(.init9)
 *(.text)
 .text          0x000000a4        0x4 C:/Program Files (x86)/Atmel/Studio/7.0/Packs/atmel/ATmega_DFP/1.7.374/gcc/dev/atmega4808/avrxmega3/crtatmega4808.o
                0x000000a4                __vector_22
                0x000000a4                __vector_28
                0x000000a4                __vector_1
                0x000000a4                __vector_32
                0x000000a4                __vector_34
                0x000000a4                __vector_24
                0x000000a4                __vector_12
                0x000000a4                __bad_interrupt
                0x000000a4                __vector_6
                0x000000a4                __vector_31
                0x000000a4                __vector_35
                0x000000a4                __vector_3
                0x000000a4                __vector_23
                0x000000a4                __vector_30
                0x000000a4                __vector_25
                0x000000a4                __vector_11
                0x000000a4                __vector_13
                0x000000a4                __vector_17
                0x000000a4                __vector_19
                0x000000a4                __vector_7
                0x000000a4                __vector_27
                0x000000a4                __vector_5
                0x000000a4                __vector_33
                0x000000a4                __vector_4
                0x000000a4                __vector_9
                0x000000a4                __vector_2
                0x000000a4                __vector_21
                0x000000a4                __vector_15
                0x000000a4                __vector_29
                0x000000a4                __vector_8
                0x000000a4                __vector_26
                0x000000a4                __vector_14
                0x000000a4                __vector_10
                0x000000a4                __vector_16
                0x000000a4                __vector_18
                0x000000a4                __vector_20
                0x000000a8                . = ALIGN (0x2)
 *(.text.*)
 .text.atmel_start_init
                0x000000a8        0x6 atmel_start.o
                0x000000a8                atmel_start_init
 .text.function_Call
                0x000000ae       0x18 function_Call.o
                0x000000ae                function_Call
 .text.main     0x000000c6       0x10 main.o
                0x000000c6                main
 .text.BOD_init
                0x000000d6        0x4 src/bod.o
                0x000000d6                BOD_init
 .text.CLKCTRL_init
                0x000000da        0x4 src/clkctrl.o
                0x000000da                CLKCTRL_init
 .text.CPUINT_init
                0x000000de        0x4 src/cpuint.o
                0x000000de                CPUINT_init
 .text.mcu_init
                0x000000e2       0x92 src/driver_init.o
                0x000000e2                mcu_init
 .text.TIMER_0_initialization
                0x00000174       0x40 src/driver_init.o
                0x00000174                TIMER_0_initialization
 .text.system_init
                0x000001b4       0x1a src/driver_init.o
                0x000001b4                system_init
 .text.SLPCTRL_init
                0x000001ce        0x4 src/slpctrl.o
                0x000001ce                SLPCTRL_init
 .text.TIMER_0_init
                0x000001d2       0x20 src/tca.o
                0x000001d2                TIMER_0_init
                0x000001f2                . = ALIGN (0x2)
 *(.fini9)
 .fini9         0x000001f2        0x0 c:/program files (x86)/atmel/studio/7.0/toolchain/avr8/avr8-gnu-toolchain/bin/../lib/gcc/avr/5.4.0/avrxmega3\libgcc.a(_exit.o)
                0x000001f2                _exit
                0x000001f2                exit
 *(.fini9)
 *(.fini8)
 *(.fini8)
 *(.fini7)
 *(.fini7)
 *(.fini6)
 *(.fini6)
 *(.fini5)
 *(.fini5)
 *(.fini4)
 *(.fini4)
 *(.fini3)
 *(.fini3)
 *(.fini2)
 *(.fini2)
 *(.fini1)
 *(.fini1)
 *(.fini0)
 .fini0         0x000001f2        0x4 c:/program files (x86)/atmel/studio/7.0/toolchain/avr8/avr8-gnu-toolchain/bin/../lib/gcc/avr/5.4.0/avrxmega3\libgcc.a(_exit.o)
 *(.fini0)
                0x000001f6                _etext = .

.rodata
 *(.rodata)
 *(.rodata*)
 *(.gnu.linkonce.r*)

.data           0x00802800        0x0 load address 0x000001f6
                [!provide]                PROVIDE (__data_start, .)
 *(.data)
 *(.data*)
 *(.gnu.linkonce.d*)
                0x00802800                . = ALIGN (0x2)
                0x00802800                _edata = .
                [!provide]                PROVIDE (__data_end, .)

.bss            0x00802800        0x0
                [!provide]                PROVIDE (__bss_start, .)
 *(.bss)
 *(.bss*)
 *(COMMON)
                [!provide]                PROVIDE (__bss_end, .)
                0x000001f6                __data_load_start = LOADADDR (.data)
                0x000001f6                __data_load_end = (__data_load_start + SIZEOF (.data))

.noinit         0x00802800        0x0
                [!provide]                PROVIDE (__noinit_start, .)
 *(.noinit*)
                [!provide]                PROVIDE (__noinit_end, .)
                0x00802800                _end = .
                [!provide]                PROVIDE (__heap_start, .)

.eeprom         0x00810000        0x0
 *(.eeprom*)
                0x00810000                __eeprom_end = .

.fuse
 *(.fuse)
 *(.lfuse)
 *(.hfuse)
 *(.efuse)

.lock
 *(.lock*)

.signature
 *(.signature*)

.user_signatures
 *(.user_signatures*)

.stab
 *(.stab)

.stabstr
 *(.stabstr)

.stab.excl
 *(.stab.excl)

.stab.exclstr
 *(.stab.exclstr)

.stab.index
 *(.stab.index)

.stab.indexstr
 *(.stab.indexstr)

.comment        0x00000000       0x30
 *(.comment)
 .comment       0x00000000       0x30 atmel_start.o
                                 0x31 (size before relaxing)
 .comment       0x00000030       0x31 function_Call.o
 .comment       0x00000030       0x31 main.o
 .comment       0x00000030       0x31 src/bod.o
 .comment       0x00000030       0x31 src/clkctrl.o
 .comment       0x00000030       0x31 src/cpuint.o
 .comment       0x00000030       0x31 src/driver_init.o
 .comment       0x00000030       0x31 src/slpctrl.o
 .comment       0x00000030       0x31 src/tca.o

.note.gnu.avr.deviceinfo
                0x00000000       0x40
 .note.gnu.avr.deviceinfo
                0x00000000       0x40 C:/Program Files (x86)/Atmel/Studio/7.0/Packs/atmel/ATmega_DFP/1.7.374/gcc/dev/atmega4808/avrxmega3/crtatmega4808.o

.note.gnu.build-id
 *(.note.gnu.build-id)

.debug
 *(.debug)

.line
 *(.line)

.debug_srcinfo
 *(.debug_srcinfo)

.debug_sfnames
 *(.debug_sfnames)

.debug_aranges  0x00000000      0x138
 *(.debug_aranges)
 .debug_aranges
                0x00000000       0x20 atmel_start.o
 .debug_aranges
                0x00000020       0x20 function_Call.o
 .debug_aranges
                0x00000040       0x20 main.o
 .debug_aranges
                0x00000060       0x20 src/bod.o
 .debug_aranges
                0x00000080       0x20 src/clkctrl.o
 .debug_aranges
                0x000000a0       0x20 src/cpuint.o
 .debug_aranges
                0x000000c0       0x30 src/driver_init.o
 .debug_aranges
                0x000000f0       0x28 src/slpctrl.o
 .debug_aranges
                0x00000118       0x20 src/tca.o

.debug_pubnames
 *(.debug_pubnames)

.debug_info     0x00000000     0x3c68
 *(.debug_info .gnu.linkonce.wi.*)
 .debug_info    0x00000000     0x229c C:/Program Files (x86)/Atmel/Studio/7.0/Packs/atmel/ATmega_DFP/1.7.374/gcc/dev/atmega4808/avrxmega3/crtatmega4808.o
 .debug_info    0x0000229c       0x9a atmel_start.o
 .debug_info    0x00002336      0x712 function_Call.o
 .debug_info    0x00002a48       0xc8 main.o
 .debug_info    0x00002b10       0x8d src/bod.o
 .debug_info    0x00002b9d       0x8d src/clkctrl.o
 .debug_info    0x00002c2a       0x8d src/cpuint.o
 .debug_info    0x00002cb7      0x6f6 src/driver_init.o
 .debug_info    0x000033ad      0x14b src/slpctrl.o
 .debug_info    0x000034f8      0x770 src/tca.o

.debug_abbrev   0x00000000     0x2719
 *(.debug_abbrev)
 .debug_abbrev  0x00000000     0x20c2 C:/Program Files (x86)/Atmel/Studio/7.0/Packs/atmel/ATmega_DFP/1.7.374/gcc/dev/atmega4808/avrxmega3/crtatmega4808.o
 .debug_abbrev  0x000020c2       0x63 atmel_start.o
 .debug_abbrev  0x00002125      0x106 function_Call.o
 .debug_abbrev  0x0000222b       0x7f main.o
 .debug_abbrev  0x000022aa       0x51 src/bod.o
 .debug_abbrev  0x000022fb       0x51 src/clkctrl.o
 .debug_abbrev  0x0000234c       0x51 src/cpuint.o
 .debug_abbrev  0x0000239d      0x1a4 src/driver_init.o
 .debug_abbrev  0x00002541       0xd6 src/slpctrl.o
 .debug_abbrev  0x00002617      0x102 src/tca.o

.debug_line     0x00000000      0xa4e
 *(.debug_line .debug_line.* .debug_line_end)
 .debug_line    0x00000000      0x16f C:/Program Files (x86)/Atmel/Studio/7.0/Packs/atmel/ATmega_DFP/1.7.374/gcc/dev/atmega4808/avrxmega3/crtatmega4808.o
 .debug_line    0x0000016f       0x60 atmel_start.o
 .debug_line    0x000001cf      0x116 function_Call.o
 .debug_line    0x000002e5       0x6a main.o
 .debug_line    0x0000034f       0xa2 src/bod.o
 .debug_line    0x000003f1       0xa6 src/clkctrl.o
 .debug_line    0x00000497       0xa5 src/cpuint.o
 .debug_line    0x0000053c      0x2d6 src/driver_init.o
 .debug_line    0x00000812      0x11c src/slpctrl.o
 .debug_line    0x0000092e      0x120 src/tca.o

.debug_frame    0x00000000      0x174
 *(.debug_frame)
 .debug_frame   0x00000000       0x24 atmel_start.o
 .debug_frame   0x00000024       0x24 function_Call.o
 .debug_frame   0x00000048       0x24 main.o
 .debug_frame   0x0000006c       0x24 src/bod.o
 .debug_frame   0x00000090       0x24 src/clkctrl.o
 .debug_frame   0x000000b4       0x24 src/cpuint.o
 .debug_frame   0x000000d8       0x44 src/driver_init.o
 .debug_frame   0x0000011c       0x34 src/slpctrl.o
 .debug_frame   0x00000150       0x24 src/tca.o

.debug_str      0x00000000     0x1732
 *(.debug_str)
 .debug_str     0x00000000      0xecd C:/Program Files (x86)/Atmel/Studio/7.0/Packs/atmel/ATmega_DFP/1.7.374/gcc/dev/atmega4808/avrxmega3/crtatmega4808.o
 .debug_str     0x00000ecd      0x16c atmel_start.o
                                0x1a0 (size before relaxing)
 .debug_str     0x00001039      0x229 function_Call.o
                                0x3a8 (size before relaxing)
 .debug_str     0x00001262       0x11 main.o
                                0x1a0 (size before relaxing)
 .debug_str     0x00001273       0x16 src/bod.o
                                0x18d (size before relaxing)
 .debug_str     0x00001289       0x1e src/clkctrl.o
                                0x195 (size before relaxing)
 .debug_str     0x000012a7       0x1c src/cpuint.o
                                0x193 (size before relaxing)
 .debug_str     0x000012c3      0x202 src/driver_init.o
                                0x3ec (size before relaxing)
 .debug_str     0x000014c5       0xb0 src/slpctrl.o
                                0x259 (size before relaxing)
 .debug_str     0x00001575      0x1bd src/tca.o
                                0x54b (size before relaxing)

.debug_loc      0x00000000      0x154
 *(.debug_loc)
 .debug_loc     0x00000000      0x133 src/driver_init.o
 .debug_loc     0x00000133       0x21 src/slpctrl.o

.debug_macinfo
 *(.debug_macinfo)

.debug_weaknames
 *(.debug_weaknames)

.debug_funcnames
 *(.debug_funcnames)

.debug_typenames
 *(.debug_typenames)

.debug_varnames
 *(.debug_varnames)

.debug_pubtypes
 *(.debug_pubtypes)

.debug_ranges   0x00000000       0xa8
 *(.debug_ranges)
 .debug_ranges  0x00000000       0x10 atmel_start.o
 .debug_ranges  0x00000010       0x10 function_Call.o
 .debug_ranges  0x00000020       0x10 main.o
 .debug_ranges  0x00000030       0x10 src/bod.o
 .debug_ranges  0x00000040       0x10 src/clkctrl.o
 .debug_ranges  0x00000050       0x10 src/cpuint.o
 .debug_ranges  0x00000060       0x20 src/driver_init.o
 .debug_ranges  0x00000080       0x18 src/slpctrl.o
 .debug_ranges  0x00000098       0x10 src/tca.o

.debug_macro
 *(.debug_macro)
OUTPUT(CODE_TCA_TEST_SAM.elf elf32-avr)
LOAD linker stubs
