Archive member included to satisfy reference by file (symbol)

c:/program files (x86)/atmel/studio/7.0/toolchain/avr8/avr8-gnu-toolchain/bin/../lib/gcc/avr/5.4.0/avrxmega3\libgcc.a(_exit.o)
                              C:/Program Files (x86)/Atmel/Studio/7.0/Packs/atmel/ATmega_DFP/1.7.374/gcc/dev/atmega4808/avrxmega3/crtatmega4808.o (exit)

Discarded input sections

 .data          0x00000000        0x0 C:/Program Files (x86)/Atmel/Studio/7.0/Packs/atmel/ATmega_DFP/1.7.374/gcc/dev/atmega4808/avrxmega3/crtatmega4808.o
 .bss           0x00000000        0x0 C:/Program Files (x86)/Atmel/Studio/7.0/Packs/atmel/ATmega_DFP/1.7.374/gcc/dev/atmega4808/avrxmega3/crtatmega4808.o
 .text          0x00000000        0x0 atmel_start.o
 .data          0x00000000        0x0 atmel_start.o
 .bss           0x00000000        0x0 atmel_start.o
 .text          0x00000000        0x0 delay_function.o
 .data          0x00000000        0x0 delay_function.o
 .bss           0x00000000        0x0 delay_function.o
 .text.my_delay_ms
                0x00000000       0x36 delay_function.o
 .debug_info    0x00000000       0x79 delay_function.o
 .debug_abbrev  0x00000000       0x74 delay_function.o
 .debug_loc     0x00000000       0x48 delay_function.o
 .debug_aranges
                0x00000000       0x20 delay_function.o
 .debug_ranges  0x00000000       0x10 delay_function.o
 .debug_line    0x00000000       0x5f delay_function.o
 .debug_str     0x00000000      0x13f delay_function.o
 .comment       0x00000000       0x31 delay_function.o
 .debug_frame   0x00000000       0x34 delay_function.o
 .text          0x00000000        0x0 driver_isr.o
 .data          0x00000000        0x0 driver_isr.o
 .bss           0x00000000        0x0 driver_isr.o
 .debug_info    0x00000000       0x5d driver_isr.o
 .debug_abbrev  0x00000000       0x26 driver_isr.o
 .debug_aranges
                0x00000000       0x18 driver_isr.o
 .debug_line    0x00000000       0x1a driver_isr.o
 .debug_str     0x00000000      0x188 driver_isr.o
 .comment       0x00000000       0x31 driver_isr.o
 .text          0x00000000        0x0 led_ON.o
 .data          0x00000000        0x0 led_ON.o
 .bss           0x00000000        0x0 led_ON.o
 .text          0x00000000        0x0 main.o
 .data          0x00000000        0x0 main.o
 .bss           0x00000000        0x0 main.o
 .text          0x00000000        0x0 src/bod.o
 .data          0x00000000        0x0 src/bod.o
 .bss           0x00000000        0x0 src/bod.o
 .text          0x00000000        0x0 src/clkctrl.o
 .data          0x00000000        0x0 src/clkctrl.o
 .bss           0x00000000        0x0 src/clkctrl.o
 .text          0x00000000        0x0 src/cpuint.o
 .data          0x00000000        0x0 src/cpuint.o
 .bss           0x00000000        0x0 src/cpuint.o
 .text          0x00000000        0x0 src/driver_init.o
 .data          0x00000000        0x0 src/driver_init.o
 .bss           0x00000000        0x0 src/driver_init.o
 .text          0x00000000        0x0 src/protected_io.o
 .data          0x00000000        0x0 src/protected_io.o
 .bss           0x00000000        0x0 src/protected_io.o
 .text.protected_write_io
                0x00000000        0x8 src/protected_io.o
 .debug_line    0x00000000       0x55 src/protected_io.o
 .debug_info    0x00000000       0x92 src/protected_io.o
 .debug_abbrev  0x00000000       0x14 src/protected_io.o
 .debug_aranges
                0x00000000       0x20 src/protected_io.o
 .text          0x00000000        0x0 src/slpctrl.o
 .data          0x00000000        0x0 src/slpctrl.o
 .bss           0x00000000        0x0 src/slpctrl.o
 .text.SLPCTRL_set_sleep_mode
                0x00000000       0x30 src/slpctrl.o
 .text          0x00000000        0x0 c:/program files (x86)/atmel/studio/7.0/toolchain/avr8/avr8-gnu-toolchain/bin/../lib/gcc/avr/5.4.0/avrxmega3\libgcc.a(_exit.o)
 .data          0x00000000        0x0 c:/program files (x86)/atmel/studio/7.0/toolchain/avr8/avr8-gnu-toolchain/bin/../lib/gcc/avr/5.4.0/avrxmega3\libgcc.a(_exit.o)
 .bss           0x00000000        0x0 c:/program files (x86)/atmel/studio/7.0/toolchain/avr8/avr8-gnu-toolchain/bin/../lib/gcc/avr/5.4.0/avrxmega3\libgcc.a(_exit.o)
 .text.libgcc.mul
                0x00000000        0x0 c:/program files (x86)/atmel/studio/7.0/toolchain/avr8/avr8-gnu-toolchain/bin/../lib/gcc/avr/5.4.0/avrxmega3\libgcc.a(_exit.o)
 .text.libgcc.div
                0x00000000        0x0 c:/program files (x86)/atmel/studio/7.0/toolchain/avr8/avr8-gnu-toolchain/bin/../lib/gcc/avr/5.4.0/avrxmega3\libgcc.a(_exit.o)
 .text.libgcc   0x00000000        0x0 c:/program files (x86)/atmel/studio/7.0/toolchain/avr8/avr8-gnu-toolchain/bin/../lib/gcc/avr/5.4.0/avrxmega3\libgcc.a(_exit.o)
 .text.libgcc.prologue
                0x00000000        0x0 c:/program files (x86)/atmel/studio/7.0/toolchain/avr8/avr8-gnu-toolchain/bin/../lib/gcc/avr/5.4.0/avrxmega3\libgcc.a(_exit.o)
 .text.libgcc.builtins
                0x00000000        0x0 c:/program files (x86)/atmel/studio/7.0/toolchain/avr8/avr8-gnu-toolchain/bin/../lib/gcc/avr/5.4.0/avrxmega3\libgcc.a(_exit.o)
 .text.libgcc.fmul
                0x00000000        0x0 c:/program files (x86)/atmel/studio/7.0/toolchain/avr8/avr8-gnu-toolchain/bin/../lib/gcc/avr/5.4.0/avrxmega3\libgcc.a(_exit.o)
 .text.libgcc.fixed
                0x00000000        0x0 c:/program files (x86)/atmel/studio/7.0/toolchain/avr8/avr8-gnu-toolchain/bin/../lib/gcc/avr/5.4.0/avrxmega3\libgcc.a(_exit.o)

Memory Configuration

Name             Origin             Length             Attributes
text             0x00000000         0x0000c000         xr
data             0x00802800         0x00001800         rw !x
eeprom           0x00810000         0x00000100         rw !x
fuse             0x00820000         0x0000000a         rw !x
lock             0x00830000         0x00000400         rw !x
signature        0x00840000         0x00000400         rw !x
user_signatures  0x00850000         0x00000400         rw !x
*default*        0x00000000         0xffffffff

Linker script and memory map

Address of section .data set to 0x802800
                0x00004000                __RODATA_PM_OFFSET__ = 0x4000
LOAD C:/Program Files (x86)/Atmel/Studio/7.0/Packs/atmel/ATmega_DFP/1.7.374/gcc/dev/atmega4808/avrxmega3/crtatmega4808.o
LOAD atmel_start.o
LOAD delay_function.o
LOAD driver_isr.o
LOAD led_ON.o
LOAD main.o
LOAD src/bod.o
LOAD src/clkctrl.o
LOAD src/cpuint.o
LOAD src/driver_init.o
LOAD src/protected_io.o
LOAD src/slpctrl.o
START GROUP
LOAD c:/program files (x86)/atmel/studio/7.0/toolchain/avr8/avr8-gnu-toolchain/bin/../lib/gcc/avr/5.4.0/../../../../avr/lib/avrxmega3\libm.a
END GROUP
START GROUP
LOAD c:/program files (x86)/atmel/studio/7.0/toolchain/avr8/avr8-gnu-toolchain/bin/../lib/gcc/avr/5.4.0/avrxmega3\libgcc.a
LOAD c:/program files (x86)/atmel/studio/7.0/toolchain/avr8/avr8-gnu-toolchain/bin/../lib/gcc/avr/5.4.0/../../../../avr/lib/avrxmega3\libm.a
LOAD c:/program files (x86)/atmel/studio/7.0/toolchain/avr8/avr8-gnu-toolchain/bin/../lib/gcc/avr/5.4.0/../../../../avr/lib/avrxmega3\libc.a
LOAD C:/Program Files (x86)/Atmel/Studio/7.0/Packs/atmel/ATmega_DFP/1.7.374/gcc/dev/atmega4808/avrxmega3\libatmega4808.a
END GROUP
                [0x00000000]                __TEXT_REGION_ORIGIN__ = DEFINED (__TEXT_REGION_ORIGIN__)?__TEXT_REGION_ORIGIN__:0x0
                [0x00802800]                __DATA_REGION_ORIGIN__ = DEFINED (__DATA_REGION_ORIGIN__)?__DATA_REGION_ORIGIN__:0x802000
                [0x0000c000]                __TEXT_REGION_LENGTH__ = DEFINED (__TEXT_REGION_LENGTH__)?__TEXT_REGION_LENGTH__:0x100000
                [0x00001800]                __DATA_REGION_LENGTH__ = DEFINED (__DATA_REGION_LENGTH__)?__DATA_REGION_LENGTH__:0xffa0
                [0x00000100]                __EEPROM_REGION_LENGTH__ = DEFINED (__EEPROM_REGION_LENGTH__)?__EEPROM_REGION_LENGTH__:0x10000
                [0x0000000a]                __FUSE_REGION_LENGTH__ = DEFINED (__FUSE_REGION_LENGTH__)?__FUSE_REGION_LENGTH__:0x400
                0x00000400                __LOCK_REGION_LENGTH__ = DEFINED (__LOCK_REGION_LENGTH__)?__LOCK_REGION_LENGTH__:0x400
                0x00000400                __SIGNATURE_REGION_LENGTH__ = DEFINED (__SIGNATURE_REGION_LENGTH__)?__SIGNATURE_REGION_LENGTH__:0x400
                0x00000400                __USER_SIGNATURE_REGION_LENGTH__ = DEFINED (__USER_SIGNATURE_REGION_LENGTH__)?__USER_SIGNATURE_REGION_LENGTH__:0x400
                0x00008000                __RODATA_PM_OFFSET__ = DEFINED (__RODATA_PM_OFFSET__)?__RODATA_PM_OFFSET__:0x8000

.hash
 *(.hash)

.dynsym
 *(.dynsym)

.dynstr
 *(.dynstr)

.gnu.version
 *(.gnu.version)

.gnu.version_d
 *(.gnu.version_d)

.gnu.version_r
 *(.gnu.version_r)

.rel.init
 *(.rel.init)

.rela.init
 *(.rela.init)

.rel.text
 *(.rel.text)
 *(.rel.text.*)
 *(.rel.gnu.linkonce.t*)

.rela.text
 *(.rela.text)
 *(.rela.text.*)
 *(.rela.gnu.linkonce.t*)

.rel.fini
 *(.rel.fini)

.rela.fini
 *(.rela.fini)

.rel.rodata
 *(.rel.rodata)
 *(.rel.rodata.*)
 *(.rel.gnu.linkonce.r*)

.rela.rodata
 *(.rela.rodata)
 *(.rela.rodata.*)
 *(.rela.gnu.linkonce.r*)

.rel.data
 *(.rel.data)
 *(.rel.data.*)
 *(.rel.gnu.linkonce.d*)

.rela.data
 *(.rela.data)
 *(.rela.data.*)
 *(.rela.gnu.linkonce.d*)

.rel.ctors
 *(.rel.ctors)

.rela.ctors
 *(.rela.ctors)

.rel.dtors
 *(.rel.dtors)

.rela.dtors
 *(.rela.dtors)

.rel.got
 *(.rel.got)

.rela.got
 *(.rela.got)

.rel.bss
 *(.rel.bss)

.rela.bss
 *(.rela.bss)

.rel.plt
 *(.rel.plt)

.rela.plt
 *(.rela.plt)

.text           0x00000000      0xfce
 *(.vectors)
 .vectors       0x00000000       0x90 C:/Program Files (x86)/Atmel/Studio/7.0/Packs/atmel/ATmega_DFP/1.7.374/gcc/dev/atmega4808/avrxmega3/crtatmega4808.o
                0x00000000                __vector_default
                0x00000000                __vectors
 *(.vectors)
 *(.progmem.gcc*)
                0x00000090                . = ALIGN (0x2)
                0x00000090                __trampolines_start = .
 *(.trampolines)
 .trampolines   0x00000090        0x0 linker stubs
 *(.trampolines*)
                0x00000090                __trampolines_end = .
 *libprintf_flt.a:*(.progmem.data)
 *libc.a:*(.progmem.data)
 *(.progmem*)
                0x00000090                . = ALIGN (0x2)
 *(.jumptables)
 *(.jumptables*)
 *(.lowtext)
 *(.lowtext*)
                0x00000090                __ctors_start = .
 *(.ctors)
                0x00000090                __ctors_end = .
                0x00000090                __dtors_start = .
 *(.dtors)
                0x00000090                __dtors_end = .
 SORT(*)(.ctors)
 SORT(*)(.dtors)
 *(.init0)
 .init0         0x00000090        0x0 C:/Program Files (x86)/Atmel/Studio/7.0/Packs/atmel/ATmega_DFP/1.7.374/gcc/dev/atmega4808/avrxmega3/crtatmega4808.o
                0x00000090                __init
 *(.init0)
 *(.init1)
 *(.init1)
 *(.init2)
 .init2         0x00000090        0xc C:/Program Files (x86)/Atmel/Studio/7.0/Packs/atmel/ATmega_DFP/1.7.374/gcc/dev/atmega4808/avrxmega3/crtatmega4808.o
 *(.init2)
 *(.init3)
 *(.init3)
 *(.init4)
 *(.init4)
 *(.init5)
 *(.init5)
 *(.init6)
 *(.init6)
 *(.init7)
 *(.init7)
 *(.init8)
 *(.init8)
 *(.init9)
 .init9         0x0000009c        0x8 C:/Program Files (x86)/Atmel/Studio/7.0/Packs/atmel/ATmega_DFP/1.7.374/gcc/dev/atmega4808/avrxmega3/crtatmega4808.o
 *(.init9)
 *(.text)
 .text          0x000000a4        0x4 C:/Program Files (x86)/Atmel/Studio/7.0/Packs/atmel/ATmega_DFP/1.7.374/gcc/dev/atmega4808/avrxmega3/crtatmega4808.o
                0x000000a4                __vector_22
                0x000000a4                __vector_28
                0x000000a4                __vector_1
                0x000000a4                __vector_32
                0x000000a4                __vector_34
                0x000000a4                __vector_24
                0x000000a4                __vector_12
                0x000000a4                __bad_interrupt
                0x000000a4                __vector_6
                0x000000a4                __vector_31
                0x000000a4                __vector_35
                0x000000a4                __vector_3
                0x000000a4                __vector_23
                0x000000a4                __vector_30
                0x000000a4                __vector_25
                0x000000a4                __vector_11
                0x000000a4                __vector_13
                0x000000a4                __vector_17
                0x000000a4                __vector_19
                0x000000a4                __vector_7
                0x000000a4                __vector_27
                0x000000a4                __vector_5
                0x000000a4                __vector_33
                0x000000a4                __vector_4
                0x000000a4                __vector_9
                0x000000a4                __vector_2
                0x000000a4                __vector_21
                0x000000a4                __vector_15
                0x000000a4                __vector_29
                0x000000a4                __vector_8
                0x000000a4                __vector_26
                0x000000a4                __vector_14
                0x000000a4                __vector_10
                0x000000a4                __vector_16
                0x000000a4                __vector_18
                0x000000a4                __vector_20
                0x000000a8                . = ALIGN (0x2)
 *(.text.*)
 .text.atmel_start_init
                0x000000a8       0x14 atmel_start.o
                0x000000a8                atmel_start_init
 .text.PORTA_set_pin_level
                0x000000bc       0x74 led_ON.o
 .text.PORTD_set_pin_level
                0x00000130       0x74 led_ON.o
 .text.W0_MCU_set_level
                0x000001a4       0x1e led_ON.o
 .text.R0_MCU_set_level
                0x000001c2       0x1e led_ON.o
 .text.G0_MCU_set_level
                0x000001e0       0x1e led_ON.o
 .text.B0_MCU_set_level
                0x000001fe       0x1e led_ON.o
 .text.led_ON   0x0000021c       0x3a led_ON.o
                0x0000021c                led_ON
 .text.main     0x00000256       0x1a main.o
                0x00000256                main
 .text.BOD_init
                0x00000270       0x10 src/bod.o
                0x00000270                BOD_init
 .text.CLKCTRL_init
                0x00000280       0x10 src/clkctrl.o
                0x00000280                CLKCTRL_init
 .text.CPUINT_init
                0x00000290       0x10 src/cpuint.o
                0x00000290                CPUINT_init
 .text.PORTA_set_pin_pull_mode
                0x000002a0       0x62 src/driver_init.o
 .text.PORTA_set_pin_dir
                0x00000302       0xa8 src/driver_init.o
 .text.PORTA_set_pin_level
                0x000003aa       0x74 src/driver_init.o
 .text.PORTC_set_pin_pull_mode
                0x0000041e       0x62 src/driver_init.o
 .text.PORTC_set_pin_dir
                0x00000480       0xa8 src/driver_init.o
 .text.PORTC_set_pin_level
                0x00000528       0x74 src/driver_init.o
 .text.PORTD_set_pin_dir
                0x0000059c       0xa8 src/driver_init.o
 .text.PORTD_set_pin_level
                0x00000644       0x74 src/driver_init.o
 .text.PORTF_set_pin_pull_mode
                0x000006b8       0x62 src/driver_init.o
 .text.PORTF_set_pin_dir
                0x0000071a       0xa8 src/driver_init.o
 .text.PORTF_set_pin_level
                0x000007c2       0x74 src/driver_init.o
 .text.PA0_set_pull_mode
                0x00000836       0x1e src/driver_init.o
 .text.PA0_set_dir
                0x00000854       0x1e src/driver_init.o
 .text.BUZZER_MCU_set_dir
                0x00000872       0x1e src/driver_init.o
 .text.BUZZER_MCU_set_level
                0x00000890       0x1e src/driver_init.o
 .text.W0_MCU_set_dir
                0x000008ae       0x1e src/driver_init.o
 .text.W0_MCU_set_level
                0x000008cc       0x1e src/driver_init.o
 .text.W1_MCU_set_dir
                0x000008ea       0x1e src/driver_init.o
 .text.W1_MCU_set_level
                0x00000908       0x1e src/driver_init.o
 .text.W2_MCU_set_dir
                0x00000926       0x1e src/driver_init.o
 .text.W2_MCU_set_level
                0x00000944       0x1e src/driver_init.o
 .text.W3_MCU_set_dir
                0x00000962       0x1e src/driver_init.o
 .text.W3_MCU_set_level
                0x00000980       0x1e src/driver_init.o
 .text.TXEN_set_dir
                0x0000099e       0x1e src/driver_init.o
 .text.TXEN_set_level
                0x000009bc       0x1e src/driver_init.o
 .text.TX_set_dir
                0x000009da       0x1e src/driver_init.o
 .text.TX_set_level
                0x000009f8       0x1e src/driver_init.o
 .text.RX_set_pull_mode
                0x00000a16       0x1e src/driver_init.o
 .text.RX_set_dir
                0x00000a34       0x1e src/driver_init.o
 .text.R0_MCU_set_dir
                0x00000a52       0x1e src/driver_init.o
 .text.R0_MCU_set_level
                0x00000a70       0x1e src/driver_init.o
 .text.G0_MCU_set_dir
                0x00000a8e       0x1e src/driver_init.o
 .text.G0_MCU_set_level
                0x00000aac       0x1e src/driver_init.o
 .text.B0_MCU_set_dir
                0x00000aca       0x1e src/driver_init.o
 .text.B0_MCU_set_level
                0x00000ae8       0x1e src/driver_init.o
 .text.R1_MCU_set_dir
                0x00000b06       0x1e src/driver_init.o
 .text.R1_MCU_set_level
                0x00000b24       0x1e src/driver_init.o
 .text.G1_MCU_set_dir
                0x00000b42       0x1e src/driver_init.o
 .text.G1_MCU_set_level
                0x00000b60       0x1e src/driver_init.o
 .text.B1_MCU_set_dir
                0x00000b7e       0x1e src/driver_init.o
 .text.B1_MCU_set_level
                0x00000b9c       0x1e src/driver_init.o
 .text.R2_MCU_set_dir
                0x00000bba       0x1e src/driver_init.o
 .text.R2_MCU_set_level
                0x00000bd8       0x1e src/driver_init.o
 .text.G2_MCU_set_dir
                0x00000bf6       0x1e src/driver_init.o
 .text.G2_MCU_set_level
                0x00000c14       0x1e src/driver_init.o
 .text.B2_MCU_set_dir
                0x00000c32       0x1e src/driver_init.o
 .text.B2_MCU_set_level
                0x00000c50       0x1e src/driver_init.o
 .text.R3_MCU_set_dir
                0x00000c6e       0x1e src/driver_init.o
 .text.R3_MCU_set_level
                0x00000c8c       0x1e src/driver_init.o
 .text.G3_MCU_set_dir
                0x00000caa       0x1e src/driver_init.o
 .text.G3_MCU_set_level
                0x00000cc8       0x1e src/driver_init.o
 .text.B3_MCU_set_dir
                0x00000ce6       0x1e src/driver_init.o
 .text.B3_MCU_set_level
                0x00000d04       0x1e src/driver_init.o
 .text.RESET_set_pull_mode
                0x00000d22       0x1e src/driver_init.o
 .text.RESET_set_dir
                0x00000d40       0x1e src/driver_init.o
 .text.mcu_init
                0x00000d5e      0x130 src/driver_init.o
                0x00000d5e                mcu_init
 .text.system_init
                0x00000e8e      0x12c src/driver_init.o
                0x00000e8e                system_init
 .text.SLPCTRL_init
                0x00000fba       0x10 src/slpctrl.o
                0x00000fba                SLPCTRL_init
                0x00000fca                . = ALIGN (0x2)
 *(.fini9)
 .fini9         0x00000fca        0x0 c:/program files (x86)/atmel/studio/7.0/toolchain/avr8/avr8-gnu-toolchain/bin/../lib/gcc/avr/5.4.0/avrxmega3\libgcc.a(_exit.o)
                0x00000fca                _exit
                0x00000fca                exit
 *(.fini9)
 *(.fini8)
 *(.fini8)
 *(.fini7)
 *(.fini7)
 *(.fini6)
 *(.fini6)
 *(.fini5)
 *(.fini5)
 *(.fini4)
 *(.fini4)
 *(.fini3)
 *(.fini3)
 *(.fini2)
 *(.fini2)
 *(.fini1)
 *(.fini1)
 *(.fini0)
 .fini0         0x00000fca        0x4 c:/program files (x86)/atmel/studio/7.0/toolchain/avr8/avr8-gnu-toolchain/bin/../lib/gcc/avr/5.4.0/avrxmega3\libgcc.a(_exit.o)
 *(.fini0)
                0x00000fce                _etext = .

.rodata
 *(.rodata)
 *(.rodata*)
 *(.gnu.linkonce.r*)

.data           0x00802800        0x0 load address 0x00000fce
                [!provide]                PROVIDE (__data_start, .)
 *(.data)
 *(.data*)
 *(.gnu.linkonce.d*)
                0x00802800                . = ALIGN (0x2)
                0x00802800                _edata = .
                [!provide]                PROVIDE (__data_end, .)

.bss            0x00802800        0x0
                [!provide]                PROVIDE (__bss_start, .)
 *(.bss)
 *(.bss*)
 *(COMMON)
                [!provide]                PROVIDE (__bss_end, .)
                0x00000fce                __data_load_start = LOADADDR (.data)
                0x00000fce                __data_load_end = (__data_load_start + SIZEOF (.data))

.noinit         0x00802800        0x0
                [!provide]                PROVIDE (__noinit_start, .)
 *(.noinit*)
                [!provide]                PROVIDE (__noinit_end, .)
                0x00802800                _end = .
                [!provide]                PROVIDE (__heap_start, .)

.eeprom         0x00810000        0x0
 *(.eeprom*)
                0x00810000                __eeprom_end = .

.fuse
 *(.fuse)
 *(.lfuse)
 *(.hfuse)
 *(.efuse)

.lock
 *(.lock*)

.signature
 *(.signature*)

.user_signatures
 *(.user_signatures*)

.stab
 *(.stab)

.stabstr
 *(.stabstr)

.stab.excl
 *(.stab.excl)

.stab.exclstr
 *(.stab.exclstr)

.stab.index
 *(.stab.index)

.stab.indexstr
 *(.stab.indexstr)

.comment        0x00000000       0x30
 *(.comment)
 .comment       0x00000000       0x30 atmel_start.o
                                 0x31 (size before relaxing)
 .comment       0x00000030       0x31 led_ON.o
 .comment       0x00000030       0x31 main.o
 .comment       0x00000030       0x31 src/bod.o
 .comment       0x00000030       0x31 src/clkctrl.o
 .comment       0x00000030       0x31 src/cpuint.o
 .comment       0x00000030       0x31 src/driver_init.o
 .comment       0x00000030       0x31 src/slpctrl.o

.note.gnu.avr.deviceinfo
                0x00000000       0x40
 .note.gnu.avr.deviceinfo
                0x00000000       0x40 C:/Program Files (x86)/Atmel/Studio/7.0/Packs/atmel/ATmega_DFP/1.7.374/gcc/dev/atmega4808/avrxmega3/crtatmega4808.o

.note.gnu.build-id
 *(.note.gnu.build-id)

.debug
 *(.debug)

.line
 *(.line)

.debug_srcinfo
 *(.debug_srcinfo)

.debug_sfnames
 *(.debug_sfnames)

.debug_aranges  0x00000000      0x2f8
 *(.debug_aranges)
 .debug_aranges
                0x00000000       0x20 atmel_start.o
 .debug_aranges
                0x00000020       0x50 led_ON.o
 .debug_aranges
                0x00000070       0x20 main.o
 .debug_aranges
                0x00000090       0x20 src/bod.o
 .debug_aranges
                0x000000b0       0x20 src/clkctrl.o
 .debug_aranges
                0x000000d0       0x20 src/cpuint.o
 .debug_aranges
                0x000000f0      0x1e0 src/driver_init.o
 .debug_aranges
                0x000002d0       0x28 src/slpctrl.o

.debug_pubnames
 *(.debug_pubnames)

.debug_info     0x00000000     0x361c
 *(.debug_info .gnu.linkonce.wi.*)
 .debug_info    0x00000000     0x229c C:/Program Files (x86)/Atmel/Studio/7.0/Packs/atmel/ATmega_DFP/1.7.374/gcc/dev/atmega4808/avrxmega3/crtatmega4808.o
 .debug_info    0x0000229c       0x7f atmel_start.o
 .debug_info    0x0000231b      0x248 led_ON.o
 .debug_info    0x00002563       0x83 main.o
 .debug_info    0x000025e6       0x8d src/bod.o
 .debug_info    0x00002673       0x8d src/clkctrl.o
 .debug_info    0x00002700       0x8d src/cpuint.o
 .debug_info    0x0000278d      0xd45 src/driver_init.o
 .debug_info    0x000034d2      0x14a src/slpctrl.o

.debug_abbrev   0x00000000     0x25f7
 *(.debug_abbrev)
 .debug_abbrev  0x00000000     0x20c2 C:/Program Files (x86)/Atmel/Studio/7.0/Packs/atmel/ATmega_DFP/1.7.374/gcc/dev/atmega4808/avrxmega3/crtatmega4808.o
 .debug_abbrev  0x000020c2       0x44 atmel_start.o
 .debug_abbrev  0x00002106      0x11d led_ON.o
 .debug_abbrev  0x00002223       0x46 main.o
 .debug_abbrev  0x00002269       0x51 src/bod.o
 .debug_abbrev  0x000022ba       0x51 src/clkctrl.o
 .debug_abbrev  0x0000230b       0x51 src/cpuint.o
 .debug_abbrev  0x0000235c      0x1c5 src/driver_init.o
 .debug_abbrev  0x00002521       0xd6 src/slpctrl.o

.debug_line     0x00000000     0x1290
 *(.debug_line .debug_line.* .debug_line_end)
 .debug_line    0x00000000      0x16f C:/Program Files (x86)/Atmel/Studio/7.0/Packs/atmel/ATmega_DFP/1.7.374/gcc/dev/atmega4808/avrxmega3/crtatmega4808.o
 .debug_line    0x0000016f       0x4a atmel_start.o
 .debug_line    0x000001b9      0x220 led_ON.o
 .debug_line    0x000003d9       0x51 main.o
 .debug_line    0x0000042a       0xa8 src/bod.o
 .debug_line    0x000004d2       0xac src/clkctrl.o
 .debug_line    0x0000057e       0xab src/cpuint.o
 .debug_line    0x00000629      0xb3f src/driver_init.o
 .debug_line    0x00001168      0x128 src/slpctrl.o

.debug_frame    0x00000000      0x980
 *(.debug_frame)
 .debug_frame   0x00000000       0x34 atmel_start.o
 .debug_frame   0x00000034       0xf4 led_ON.o
 .debug_frame   0x00000128       0x34 main.o
 .debug_frame   0x0000015c       0x34 src/bod.o
 .debug_frame   0x00000190       0x34 src/clkctrl.o
 .debug_frame   0x000001c4       0x34 src/cpuint.o
 .debug_frame   0x000001f8      0x734 src/driver_init.o
 .debug_frame   0x0000092c       0x54 src/slpctrl.o

.debug_str      0x00000000     0x165e
 *(.debug_str)
 .debug_str     0x00000000      0xecd C:/Program Files (x86)/Atmel/Studio/7.0/Packs/atmel/ATmega_DFP/1.7.374/gcc/dev/atmega4808/avrxmega3/crtatmega4808.o
 .debug_str     0x00000ecd      0x166 atmel_start.o
                                0x19a (size before relaxing)
 .debug_str     0x00001033       0xb9 led_ON.o
                                0x235 (size before relaxing)
 .debug_str     0x000010ec       0x11 main.o
                                0x187 (size before relaxing)
 .debug_str     0x000010fd       0x16 src/bod.o
                                0x193 (size before relaxing)
 .debug_str     0x00001113       0x1e src/clkctrl.o
                                0x19b (size before relaxing)
 .debug_str     0x00001131       0x1c src/cpuint.o
                                0x199 (size before relaxing)
 .debug_str     0x0000114d      0x44e src/driver_init.o
                                0x68b (size before relaxing)
 .debug_str     0x0000159b       0xc3 src/slpctrl.o
                                0x25f (size before relaxing)

.debug_loc      0x00000000     0x139c
 *(.debug_loc)
 .debug_loc     0x00000000       0x3b atmel_start.o
 .debug_loc     0x0000003b      0x1f8 led_ON.o
 .debug_loc     0x00000233       0x3b main.o
 .debug_loc     0x0000026e       0x3b src/bod.o
 .debug_loc     0x000002a9       0x3b src/clkctrl.o
 .debug_loc     0x000002e4       0x3b src/cpuint.o
 .debug_loc     0x0000031f      0xffa src/driver_init.o
 .debug_loc     0x00001319       0x83 src/slpctrl.o

.debug_macinfo
 *(.debug_macinfo)

.debug_weaknames
 *(.debug_weaknames)

.debug_funcnames
 *(.debug_funcnames)

.debug_typenames
 *(.debug_typenames)

.debug_varnames
 *(.debug_varnames)

.debug_pubtypes
 *(.debug_pubtypes)

.debug_ranges   0x00000000      0x278
 *(.debug_ranges)
 .debug_ranges  0x00000000       0x10 atmel_start.o
 .debug_ranges  0x00000010       0x40 led_ON.o
 .debug_ranges  0x00000050       0x10 main.o
 .debug_ranges  0x00000060       0x10 src/bod.o
 .debug_ranges  0x00000070       0x10 src/clkctrl.o
 .debug_ranges  0x00000080       0x10 src/cpuint.o
 .debug_ranges  0x00000090      0x1d0 src/driver_init.o
 .debug_ranges  0x00000260       0x18 src/slpctrl.o

.debug_macro
 *(.debug_macro)
OUTPUT(My_Project_1.elf elf32-avr)
LOAD linker stubs
